// Jest Snapshot v1, https://goo.gl/fbAQLP

exports[`List component renders the UI as expected 1`] = `
<section
  className="List"
>
  <header
    className="List-header"
  >
    <h2>
      Sample Header
    </h2>
  </header>
  <div
    className="List-cards"
  >
    <div
      className="Card"
    >
      <h3 />
      <p />
    </div>
    <div
      className="Card"
    >
      <h3 />
      <p />
    </div>
  </div>
</section>
`;
